// Jest Snapshot v1, https://goo.gl/fbAQLP

exports[`Profile component should render Profile component 1`] = `
"<div className=\\"container\\">
  <div className=\\"row justify-content-center\\">
    <div className=\\"col-md-6 text-center\\">
      <figure className=\\"figure\\">
        <img src={[undefined]} className=\\"figure-img img-fluid rounded profileImg\\" />
      </figure>
    </div>
  </div>
  <div className=\\"row justify-content-center\\">
    <div className=\\"col-md-6\\">
      <form>
        <div className=\\"form-group\\">
          <label htmlFor=\\"firstName\\">
            First Name
          </label>
          <input type=\\"text\\" className=\\"form-control\\" id=\\"firstName\\" value=\\"Name\\" onChange={[Function: handleChange]} />
          <label htmlFor=\\"secondName\\">
            Second Name
          </label>
          <input type=\\"text\\" className=\\"form-control\\" id=\\"secondName\\" value=\\"SecondName\\" onChange={[Function: handleChange]} />
        </div>
      </form>
    </div>
  </div>
  <div className=\\"row justify-content-center\\">
    <div className=\\"col-md-6\\">
      <button className=\\"tn updateButton btn-block\\" onClick={[Function: handleSubmit]}>
        Update
      </button>
      <button className=\\"btn generalButton deleteButton btn-block\\" onClick={[Function: onClick]}>
        Delete request
      </button>
    </div>
  </div>
</div>"
`;
