// Jest Snapshot v1, https://goo.gl/fbAQLP

exports[`LogUp component should redirect 1`] = `"<Redirect to=\\"/\\" />"`;

exports[`LogUp component should render LogUp component 1`] = `
"<div className=\\"container\\">
  <div className=\\"container\\">
    <div className=\\"row  justify-content-center\\">
      <div className=\\"col-md-5\\">
        <div className=\\"align-items-center justify-content-center\\">
          <div className=\\" containerSignup d-flex  align-items-center justify-content-center\\">
            <form onSubmit={[Function: handleSubmit]} className=\\"login-form text-center\\">
              <h1 className=\\"mb-5 font-weight-light text-uppercase\\">
                Sign Up
              </h1>
              <div className=\\"form-group\\">
                <input type=\\"text\\" className=\\"form-control rounded-pill form-control-lg control\\" placeholder=\\"First Name\\" id=\\"firstName\\" onChange={[Function: handleChange]} />
              </div>
              <div className=\\"form-group\\">
                <input type=\\"text\\" className=\\"form-control rounded-pill form-control-lg control\\" placeholder=\\"Second Name\\" id=\\"secondName\\" onChange={[Function: handleChange]} />
              </div>
              <div className=\\"form-group\\">
                <input type=\\"email\\" className=\\"form-control rounded-pill form-control-lg control\\" placeholder=\\"Email\\" id=\\"email\\" onChange={[Function: handleChange]} />
              </div>
              <div className=\\"form-group\\">
                <input type=\\"text\\" className=\\"form-control rounded-pill form-control-lg control\\" placeholder=\\"Password\\" onChange={[Function: handleChange]} id=\\"password\\" />
              </div>
              <button type=\\"submit\\" className=\\"btn mt-4 btn-dark btn-block text-uppercase rounded-pill btn-lg\\">
                Sign Up
              </button>
              <p className=\\"mt-3 font-weight-normal\\" />
            </form>
          </div>
        </div>
      </div>
    </div>
  </div>
</div>"
`;
