// Jest Snapshot v1, https://goo.gl/fbAQLP

exports[`Profile component should render Profile component 1`] = `
"<div className=\\"col d-md-flex colInContainer\\">
  <div className=\\"card mb-3 cardStyle\\">
    <div className=\\"row no-gutters justify-content-center\\">
      <div className=\\"col-md-6\\">
        <img src={{...}} className=\\"card-img insideCard\\" alt=\\"Olympic\\" />
      </div>
      <div className=\\"col-md-8\\">
        <div className=\\"card-body\\">
          <h5 className=\\"card-title\\">
            Main information
          </h5>
          <ul className=\\"list-group\\">
            <form>
              <div className=\\"form-group\\" />
            </form>
            <li className=\\"list-group-item\\">
              <div className=\\"row justify-content-center\\">
                <div className=\\"col\\" />
                <div className=\\"col\\">
                  <button className=\\"btn generalButton deleteButton\\" onClick={[Function: onClick]}>
                    Delete product
                  </button>
                </div>
                <div className=\\"col\\">
                  <button className=\\"btn generalButton allowButton\\" onClick={[Function: onClick]}>
                    Allow edit
                  </button>
                </div>
              </div>
            </li>
          </ul>
        </div>
      </div>
    </div>
  </div>
</div>


<div className=\\"col d-md-flex colInContainer\\">
  <div className=\\"card mb-3 cardStyle\\">
    <div className=\\"row no-gutters justify-content-center\\">
      <div className=\\"col-md-6\\">
        <img src={{...}} className=\\"card-img insideCard\\" alt=\\"Jacket\\" />
      </div>
      <div className=\\"col-md-8\\">
        <div className=\\"card-body\\">
          <h5 className=\\"card-title\\">
            Main information
          </h5>
          <ul className=\\"list-group\\">
            <form>
              <div className=\\"form-group\\" />
            </form>
            <li className=\\"list-group-item\\">
              <div className=\\"row justify-content-center\\">
                <div className=\\"col\\" />
                <div className=\\"col\\">
                  <button className=\\"btn generalButton deleteButton\\" onClick={[Function: onClick]}>
                    Delete product
                  </button>
                </div>
                <div className=\\"col\\">
                  <button className=\\"btn generalButton allowButton\\" onClick={[Function: onClick]}>
                    Allow edit
                  </button>
                </div>
              </div>
            </li>
          </ul>
        </div>
      </div>
    </div>
  </div>
</div>


<div className=\\"col d-md-flex colInContainer\\">
  <div className=\\"card mb-3 cardStyle\\">
    <div className=\\"row no-gutters justify-content-center\\">
      <div className=\\"col-md-6\\">
        <img src={{...}} className=\\"card-img insideCard\\" alt=\\"T-Shirt\\" />
      </div>
      <div className=\\"col-md-8\\">
        <div className=\\"card-body\\">
          <div className=\\"alert alert-info\\" role=\\"alert\\">
            Clothes already sold
          </div>
          <h5 className=\\"card-title\\">
            Main information
          </h5>
          <ul className=\\"list-group\\">
            <form>
              <div className=\\"form-group\\" />
            </form>
            <li className=\\"list-group-item\\">
              <div className=\\"row justify-content-center\\">
                <div className=\\"col\\" />
                <div className=\\"col\\">
                  <button className=\\"btn generalButton deleteButton\\" onClick={[Function: onClick]}>
                    Delete product
                  </button>
                </div>
                <div className=\\"col\\">
                  <button className=\\"btn generalButton allowButton\\" onClick={[Function: onClick]}>
                    Allow edit
                  </button>
                </div>
              </div>
            </li>
          </ul>
        </div>
      </div>
    </div>
  </div>
</div>"
`;
